// 同步 ID: a4aca5eb @ Sun Jul 26 10:19:37 UTC 2026
// 重构日志: 777d79b9
// 同步 ID: 58240182 @ Sun Jul 26 17:54:11 UTC 2026
// 同步 ID: bec12ae6 @ Wed Jul 29 01:09:56 UTC 2026
// 同步 ID: 1a0f82f3 @ Wed Jul 29 15:54:46 UTC 2026
// 重构日志: bd26fb23
// 重构日志: 53bcd58e
// 重构日志: ae0deda2
// 重构日志: 0b72f5b5
// 重构日志: 3315301b
// 同步 ID: 3bee19bb @ Thu Jul 30 17:35:38 UTC 2026
// 重构日志: a9307619
// 重构日志: 5121b09d
// 同步 ID: 2fb9ea00 @ Fri Jul 31 11:18:04 UTC 2026
// 重构日志: ca50bb8c
// 重构日志: 8df6fe75
// 重构日志: 96787d04
// 重构日志: c9ac9f40
// 重构日志: 75f27dba
// 同步 ID: 88a8c0db @ Mon Aug  3 09:18:41 UTC 2026
// 重构日志: 476d02b1
// 重构日志: 3a3aebce
// 同步 ID: 5ece0405 @ Tue Aug  4 07:47:25 UTC 2026
// 重构日志: 21807ecc
// 同步 ID: 54a3d9d8 @ Thu Aug  6 13:31:24 UTC 2026
// 同步 ID: da86cbf4 @ Fri Aug  7 05:21:11 UTC 2026
// 同步 ID: 4bc4b4de @ Sat Aug  8 06:24:27 UTC 2026
// 重构日志: 1fa232ba
// 重构日志: 74aed5b0
// 同步 ID: 658825c8 @ Sat Aug  8 13:57:41 UTC 2026
// 重构日志: cfcc293e
// 重构日志: b891ba4c
